2026-07-30 10:42:58 ContactIQ Worker v2 started.
2026-07-30 10:42:58 BaseUrl=https://contactiq-5w9n.onrender.com BatchSize=1 StallMinutes=10 Log=C:\Users\draks\OneDrive\Documents\contactiq-starter\contactiq\logs\worker-2026-07-30_10-42-58.log
2026-07-30 10:42:59 Progress: 99.1% | Processed: 1099/1109 | Pending: 0 | Processing: 10 | Matched: 405 | Not found: 694 | Failed: 0 | Speed: 64956.25/min | ETA: -
2026-07-30 10:43:01 Ni novih domen za claim. Cakam 3 sekund.
2026-07-30 10:43:05 Progress: 99.1% | Processed: 1099/1109 | Pending: 0 | Processing: 10 | Matched: 405 | Not found: 694 | Failed: 0 | Speed: 9420.69/min | ETA: -
2026-07-30 10:43:07 Ni novih domen za claim. Cakam 3 sekund.
2026-07-30 10:43:11 Progress: 99.1% | Processed: 1099/1109 | Pending: 0 | Processing: 10 | Matched: 405 | Not found: 694 | Failed: 0 | Speed: 5184.67/min | ETA: -
2026-07-30 10:43:13 Ni novih domen za claim. Cakam 3 sekund.
2026-07-30 10:43:16 Progress: 99.1% | Processed: 1099/1109 | Pending: 0 | Processing: 10 | Matched: 405 | Not found: 694 | Failed: 0 | Speed: 3588.12/min | ETA: -
2026-07-30 10:43:19 Ni novih domen za claim. Cakam 3 sekund.
2026-07-30 10:43:22 Progress: 99.1% | Processed: 1099/1109 | Pending: 0 | Processing: 10 | Matched: 405 | Not found: 694 | Failed: 0 | Speed: 2729.47/min | ETA: -
2026-07-30 10:43:24 Ni novih domen za claim. Cakam 3 sekund.
2026-07-30 10:43:28 Progress: 99.1% | Processed: 1099/1109 | Pending: 0 | Processing: 10 | Matched: 405 | Not found: 694 | Failed: 0 | Speed: 2208/min | ETA: -
2026-07-30 10:43:30 Ni novih domen za claim. Cakam 3 sekund.
2026-07-30 10:43:34 Progress: 99.1% | Processed: 1099/1109 | Pending: 0 | Processing: 10 | Matched: 405 | Not found: 694 | Failed: 0 | Speed: 1842.81/min | ETA: -
2026-07-30 10:43:36 Ni novih domen za claim. Cakam 3 sekund.
2026-07-30 10:43:40 Progress: 99.1% | Processed: 1099/1109 | Pending: 0 | Processing: 10 | Matched: 405 | Not found: 694 | Failed: 0 | Speed: 1580.66/min | ETA: -
2026-07-30 10:43:42 Ni novih domen za claim. Cakam 3 sekund.
2026-07-30 10:43:45 Progress: 99.1% | Processed: 1099/1109 | Pending: 0 | Processing: 10 | Matched: 405 | Not found: 694 | Failed: 0 | Speed: 1393.84/min | ETA: -
2026-07-30 10:43:48 Ni novih domen za claim. Cakam 3 sekund.
2026-07-30 10:43:51 Progress: 99.1% | Processed: 1099/1109 | Pending: 0 | Processing: 10 | Matched: 405 | Not found: 694 | Failed: 0 | Speed: 1238.35/min | ETA: -
2026-07-30 10:43:53 Ni novih domen za claim. Cakam 3 sekund.
2026-07-30 10:43:57 Progress: 99.1% | Processed: 1099/1109 | Pending: 0 | Processing: 10 | Matched: 405 | Not found: 694 | Failed: 0 | Speed: 1117.88/min | ETA: -
2026-07-30 10:44:00 Ni novih domen za claim. Cakam 3 sekund.
2026-07-30 10:44:03 Progress: 99.1% | Processed: 1099/1109 | Pending: 0 | Processing: 10 | Matched: 405 | Not found: 694 | Failed: 0 | Speed: 1013.69/min | ETA: -
2026-07-30 10:44:05 Ni novih domen za claim. Cakam 3 sekund.
2026-07-30 10:44:09 Progress: 99.1% | Processed: 1099/1109 | Pending: 0 | Processing: 10 | Matched: 405 | Not found: 694 | Failed: 0 | Speed: 931.85/min | ETA: -
2026-07-30 10:44:11 Ni novih domen za claim. Cakam 3 sekund.
2026-07-30 10:44:15 Progress: 99.1% | Processed: 1099/1109 | Pending: 0 | Processing: 10 | Matched: 405 | Not found: 694 | Failed: 0 | Speed: 856.33/min | ETA: -
2026-07-30 10:44:17 Ni novih domen za claim. Cakam 3 sekund.
2026-07-30 10:44:21 Progress: 99.1% | Processed: 1099/1109 | Pending: 0 | Processing: 10 | Matched: 405 | Not found: 694 | Failed: 0 | Speed: 796.54/min | ETA: -
2026-07-30 10:44:23 Ni novih domen za claim. Cakam 3 sekund.
2026-07-30 10:44:27 Progress: 99.1% | Processed: 1099/1109 | Pending: 0 | Processing: 10 | Matched: 405 | Not found: 694 | Failed: 0 | Speed: 745.24/min | ETA: -
2026-07-30 10:44:29 Ni novih domen za claim. Cakam 3 sekund.
2026-07-30 10:44:33 Progress: 99.1% | Processed: 1099/1109 | Pending: 0 | Processing: 10 | Matched: 405 | Not found: 694 | Failed: 0 | Speed: 698.11/min | ETA: -
2026-07-30 10:44:34 Ni novih domen za claim. Cakam 3 sekund.
2026-07-30 10:44:38 Progress: 99.1% | Processed: 1099/1109 | Pending: 0 | Processing: 10 | Matched: 405 | Not found: 694 | Failed: 0 | Speed: 659.33/min | ETA: -
2026-07-30 10:44:40 Ni novih domen za claim. Cakam 3 sekund.
2026-07-30 10:44:44 Progress: 99.1% | Processed: 1099/1109 | Pending: 0 | Processing: 10 | Matched: 405 | Not found: 694 | Failed: 0 | Speed: 623.19/min | ETA: -
2026-07-30 10:44:46 Ni novih domen za claim. Cakam 3 sekund.
2026-07-30 10:44:50 Progress: 99.1% | Processed: 1099/1109 | Pending: 0 | Processing: 10 | Matched: 405 | Not found: 694 | Failed: 0 | Speed: 591.72/min | ETA: -
2026-07-30 10:44:52 Ni novih domen za claim. Cakam 3 sekund.
2026-07-30 10:44:55 Progress: 99.1% | Processed: 1099/1109 | Pending: 0 | Processing: 10 | Matched: 405 | Not found: 694 | Failed: 0 | Speed: 563.29/min | ETA: -
2026-07-30 10:44:57 Ni novih domen za claim. Cakam 3 sekund.
2026-07-30 10:45:01 Progress: 99.1% | Processed: 1099/1109 | Pending: 0 | Processing: 10 | Matched: 405 | Not found: 694 | Failed: 0 | Speed: 537.5/min | ETA: -
2026-07-30 10:45:03 Ni novih domen za claim. Cakam 3 sekund.
2026-07-30 10:45:07 Progress: 99.1% | Processed: 1099/1109 | Pending: 0 | Processing: 10 | Matched: 405 | Not found: 694 | Failed: 0 | Speed: 512.24/min | ETA: -
2026-07-30 10:45:09 Ni novih domen za claim. Cakam 3 sekund.
2026-07-30 10:45:13 Progress: 99.1% | Processed: 1099/1109 | Pending: 0 | Processing: 10 | Matched: 405 | Not found: 694 | Failed: 0 | Speed: 489.58/min | ETA: -
2026-07-30 10:45:15 Ni novih domen za claim. Cakam 3 sekund.
2026-07-30 10:45:19 Progress: 99.1% | Processed: 1099/1109 | Pending: 0 | Processing: 10 | Matched: 405 | Not found: 694 | Failed: 0 | Speed: 469.21/min | ETA: -
2026-07-30 10:45:21 Ni novih domen za claim. Cakam 3 sekund.
2026-07-30 10:45:24 Progress: 99.1% | Processed: 1099/1109 | Pending: 0 | Processing: 10 | Matched: 405 | Not found: 694 | Failed: 0 | Speed: 450.76/min | ETA: -
2026-07-30 10:45:26 Ni novih domen za claim. Cakam 3 sekund.
2026-07-30 10:45:30 Progress: 99.1% | Processed: 1099/1109 | Pending: 0 | Processing: 10 | Matched: 405 | Not found: 694 | Failed: 0 | Speed: 433.75/min | ETA: -
2026-07-30 10:45:32 Ni novih domen za claim. Cakam 3 sekund.
2026-07-30 10:45:36 Progress: 99.1% | Processed: 1099/1109 | Pending: 0 | Processing: 10 | Matched: 405 | Not found: 694 | Failed: 0 | Speed: 418.12/min | ETA: -
2026-07-30 10:45:38 Ni novih domen za claim. Cakam 3 sekund.
