2026-07-30 09:35:46 ContactIQ Worker v2 started.
2026-07-30 09:35:47 BaseUrl=https://contactiq-5w9n.onrender.com BatchSize=10 StallMinutes=10 Log=C:\Users\draks\OneDrive\Documents\contactiq-starter\contactiq\logs\worker-2026-07-30_09-35-46.log
2026-07-30 09:35:48 Progress: 97.48% | Processed: 1081/1109 | Pending: 0 | Processing: 28 | Matched: 396 | Not found: 685 | Failed: 0 | Speed: 37848.94/min | ETA: -
2026-07-30 09:35:53 Ni novih domen za claim. Cakam 3 sekund.
2026-07-30 09:35:57 Progress: 97.48% | Processed: 1081/1109 | Pending: 0 | Processing: 28 | Matched: 396 | Not found: 685 | Failed: 0 | Speed: 6183.66/min | ETA: -
2026-07-30 09:36:01 Ni novih domen za claim. Cakam 3 sekund.
2026-07-30 09:36:05 Progress: 97.48% | Processed: 1081/1109 | Pending: 0 | Processing: 28 | Matched: 396 | Not found: 685 | Failed: 0 | Speed: 3432.59/min | ETA: -
2026-07-30 09:36:10 Ni novih domen za claim. Cakam 3 sekund.
2026-07-30 09:36:14 Progress: 97.48% | Processed: 1081/1109 | Pending: 0 | Processing: 28 | Matched: 396 | Not found: 685 | Failed: 0 | Speed: 2359.05/min | ETA: -
2026-07-30 09:36:18 Ni novih domen za claim. Cakam 3 sekund.
2026-07-30 09:36:23 Progress: 97.48% | Processed: 1081/1109 | Pending: 0 | Processing: 28 | Matched: 396 | Not found: 685 | Failed: 0 | Speed: 1796.8/min | ETA: -
2026-07-30 09:36:27 Ni novih domen za claim. Cakam 3 sekund.
2026-07-30 09:36:31 Progress: 97.48% | Processed: 1081/1109 | Pending: 0 | Processing: 28 | Matched: 396 | Not found: 685 | Failed: 0 | Speed: 1448.04/min | ETA: -
2026-07-30 09:36:35 Ni novih domen za claim. Cakam 3 sekund.
2026-07-30 09:36:39 Progress: 97.48% | Processed: 1081/1109 | Pending: 0 | Processing: 28 | Matched: 396 | Not found: 685 | Failed: 0 | Speed: 1227.92/min | ETA: -
2026-07-30 09:36:44 Ni novih domen za claim. Cakam 3 sekund.
2026-07-30 09:36:48 Progress: 97.48% | Processed: 1081/1109 | Pending: 0 | Processing: 28 | Matched: 396 | Not found: 685 | Failed: 0 | Speed: 1057.35/min | ETA: -
2026-07-30 09:36:53 Ni novih domen za claim. Cakam 3 sekund.
2026-07-30 09:36:57 Progress: 97.48% | Processed: 1081/1109 | Pending: 0 | Processing: 28 | Matched: 396 | Not found: 685 | Failed: 0 | Speed: 922.62/min | ETA: -
2026-07-30 09:37:02 Ni novih domen za claim. Cakam 3 sekund.
2026-07-30 09:37:06 Progress: 97.48% | Processed: 1081/1109 | Pending: 0 | Processing: 28 | Matched: 396 | Not found: 685 | Failed: 0 | Speed: 817.73/min | ETA: -
2026-07-30 09:37:10 Ni novih domen za claim. Cakam 3 sekund.
2026-07-30 09:37:14 Progress: 97.48% | Processed: 1081/1109 | Pending: 0 | Processing: 28 | Matched: 396 | Not found: 685 | Failed: 0 | Speed: 743.48/min | ETA: -
2026-07-30 09:37:18 Ni novih domen za claim. Cakam 3 sekund.
2026-07-30 09:37:23 Progress: 97.48% | Processed: 1081/1109 | Pending: 0 | Processing: 28 | Matched: 396 | Not found: 685 | Failed: 0 | Speed: 672.83/min | ETA: -
2026-07-30 09:37:27 Ni novih domen za claim. Cakam 3 sekund.
2026-07-30 09:37:32 Progress: 97.48% | Processed: 1081/1109 | Pending: 0 | Processing: 28 | Matched: 396 | Not found: 685 | Failed: 0 | Speed: 617.64/min | ETA: -
2026-07-30 09:37:36 Ni novih domen za claim. Cakam 3 sekund.
2026-07-30 09:37:41 Progress: 97.48% | Processed: 1081/1109 | Pending: 0 | Processing: 28 | Matched: 396 | Not found: 685 | Failed: 0 | Speed: 567.54/min | ETA: -
2026-07-30 09:37:45 Ni novih domen za claim. Cakam 3 sekund.
2026-07-30 09:37:50 Progress: 97.48% | Processed: 1081/1109 | Pending: 0 | Processing: 28 | Matched: 396 | Not found: 685 | Failed: 0 | Speed: 526.4/min | ETA: -
2026-07-30 09:37:54 Ni novih domen za claim. Cakam 3 sekund.
2026-07-30 09:37:58 Progress: 97.48% | Processed: 1081/1109 | Pending: 0 | Processing: 28 | Matched: 396 | Not found: 685 | Failed: 0 | Speed: 492.45/min | ETA: -
2026-07-30 09:38:03 Ni novih domen za claim. Cakam 3 sekund.
2026-07-30 09:38:08 Progress: 97.48% | Processed: 1081/1109 | Pending: 0 | Processing: 28 | Matched: 396 | Not found: 685 | Failed: 0 | Speed: 459.37/min | ETA: -
2026-07-30 09:38:12 Ni novih domen za claim. Cakam 3 sekund.
2026-07-30 09:38:17 Progress: 97.48% | Processed: 1081/1109 | Pending: 0 | Processing: 28 | Matched: 396 | Not found: 685 | Failed: 0 | Speed: 430.88/min | ETA: -
2026-07-30 09:38:22 Ni novih domen za claim. Cakam 3 sekund.
2026-07-30 09:38:26 Progress: 97.48% | Processed: 1081/1109 | Pending: 0 | Processing: 28 | Matched: 396 | Not found: 685 | Failed: 0 | Speed: 405.87/min | ETA: -
2026-07-30 09:38:31 Ni novih domen za claim. Cakam 3 sekund.
2026-07-30 09:38:35 Progress: 97.48% | Processed: 1081/1109 | Pending: 0 | Processing: 28 | Matched: 396 | Not found: 685 | Failed: 0 | Speed: 384.94/min | ETA: -
2026-07-30 09:38:40 Ni novih domen za claim. Cakam 3 sekund.
2026-07-30 09:38:44 Progress: 97.48% | Processed: 1081/1109 | Pending: 0 | Processing: 28 | Matched: 396 | Not found: 685 | Failed: 0 | Speed: 364.75/min | ETA: -
2026-07-30 09:38:49 Ni novih domen za claim. Cakam 3 sekund.
2026-07-30 09:38:53 Progress: 97.48% | Processed: 1081/1109 | Pending: 0 | Processing: 28 | Matched: 396 | Not found: 685 | Failed: 0 | Speed: 347.79/min | ETA: -
2026-07-30 09:38:57 Ni novih domen za claim. Cakam 3 sekund.
2026-07-30 09:39:02 Progress: 97.48% | Processed: 1081/1109 | Pending: 0 | Processing: 28 | Matched: 396 | Not found: 685 | Failed: 0 | Speed: 332.1/min | ETA: -
2026-07-30 09:39:06 Ni novih domen za claim. Cakam 3 sekund.
2026-07-30 09:39:10 Progress: 97.48% | Processed: 1081/1109 | Pending: 0 | Processing: 28 | Matched: 396 | Not found: 685 | Failed: 0 | Speed: 318/min | ETA: -
2026-07-30 09:39:14 Ni novih domen za claim. Cakam 3 sekund.
